[livewire.laravel.com/docs/quickstart.html]
[livewire.laravel.com/docs/installation.html]
[livewire.laravel.com/docs/upgrading.html]
[livewire.laravel.com/docs/components.html]
[backblue.gif]
[fade.gif]
[index.html]
[livewire.laravel.com/meta.png]
[livewire.laravel.com/apple-touch-icon.png]
[livewire.laravel.com/favicon-32x32.png]
[livewire.laravel.com/favicon-16x16.png]
[cdn.usefathom.com/script.js]
[cdn.jsdelivr.net/npm/docsearch.js@2/dist/cdn/docsearch.min.css]
[assets.lemonsqueezy.com/lemon.js]
[livewire.laravel.com/build/assets/app-a651d870.css]
[livewire.laravel.com/build/assets/app-1b2b5a59.js]
[livewire.laravel.com/docs/properties.html]
[livewire.laravel.com/docs/actions.html]
[livewire.laravel.com/docs/forms.html]
[livewire.laravel.com/docs/events.html]
[livewire.laravel.com/docs/lifecycle-hooks.html]
[livewire.laravel.com/docs/nesting.html]
[livewire.laravel.com/docs/testing.html]
[livewire.laravel.com/docs/alpine.html]
[livewire.laravel.com/docs/navigate.html]
[livewire.laravel.com/docs/lazy.html]
[livewire.laravel.com/docs/validation.html]
[livewire.laravel.com/docs/uploads.html]
[livewire.laravel.com/docs/pagination.html]
[livewire.laravel.com/docs/url.html]
[livewire.laravel.com/docs/computed-properties.html]
[livewire.laravel.com/docs/session-properties.html]
[livewire.laravel.com/docs/redirecting.html]
[livewire.laravel.com/docs/downloads.html]
[livewire.laravel.com/docs/locked.html]
[livewire.laravel.com/docs/bundling.html]
[livewire.laravel.com/docs/offline.html]
[livewire.laravel.com/docs/teleport.html]
[livewire.laravel.com/docs/wire-click.html]
[livewire.laravel.com/docs/wire-submit.html]
[livewire.laravel.com/docs/wire-model.html]
[livewire.laravel.com/docs/wire-loading.html]
[livewire.laravel.com/docs/wire-navigate.html]
[livewire.laravel.com/docs/wire-dirty.html]
[livewire.laravel.com/docs/wire-confirm.html]
[livewire.laravel.com/docs/wire-transition.html]
[livewire.laravel.com/docs/wire-init.html]
[livewire.laravel.com/docs/wire-poll.html]
[livewire.laravel.com/docs/wire-offline.html]
[livewire.laravel.com/docs/wire-ignore.html]
[livewire.laravel.com/docs/wire-replace.html]
[livewire.laravel.com/docs/wire-stream.html]
[livewire.laravel.com/docs/morphing.html]
[livewire.laravel.com/docs/hydration.html]
[livewire.laravel.com/docs/understanding-nesting.html]
[livewire.laravel.com/docs/troubleshooting.html]
[livewire.laravel.com/docs/security.html]
[livewire.laravel.com/docs/javascript.html]
[livewire.laravel.com/docs/synthesizers.html]
[livewire.laravel.com/docs/contribution-guide.html]
[livewire.laravel.com/docs/volt.html]
[cdn.carbonads.com/carbonff47.js]
[livewire.laravel.com/docs/quickstart.html]
[livewire.laravel.com/docs/installation.html]
[cdn.jsdelivr.net/npm/docsearch.js@2/dist/cdn/docsearch.min.js]
[livewire.laravel.com/docs/upgrading.html]
[livewire.laravel.com/docs/components.html]
[cdn.jsdelivr.net/npm/docsearch.js@2/dist/cdn/docsearch.min.css]
[livewire.laravel.com/cdn-cgi/scripts/5c5dd728/cloudflare-static/email-decode.min.js]
[livewire.laravel.com/build/assets/Graphik-Bold-Web-fecb34e3.woff2]
[livewire.laravel.com/build/assets/Graphik-Bold-Web-95a8027f.woff]
[livewire.laravel.com/build/assets/Graphik-Semibold-Web-1d8a41b1.woff2]
[livewire.laravel.com/build/assets/Graphik-Semibold-Web-e109e421.woff]
[livewire.laravel.com/build/assets/Graphik-Medium-Web-6241d6c2.woff2]
[livewire.laravel.com/build/assets/Graphik-Medium-Web-9e3f3f23.woff]
[livewire.laravel.com/build/assets/Graphik-Regular-Web-a2f84420.woff2]
[livewire.laravel.com/build/assets/Graphik-Regular-Web-ae6d7735.woff]
[livewire.laravel.com/build/assets/app-a651d870.css]
[livewire.laravel.com/docs/index.html]
[livewire.laravel.com/docs/properties.html]
[livewire.laravel.com/docs/actions.html]
[livewire.laravel.com/docs/forms.html]
[livewire.laravel.com/docs/events.html]
[livewire.laravel.com/docs/lifecycle-hooks.html]
[livewire.laravel.com/docs/nesting.html]
[livewire.laravel.com/docs/testing.html]
[livewire.laravel.com/docs/alpine.html]
[livewire.laravel.com/docs/navigate.html]
[livewire.laravel.com/docs/lazy.html]
[livewire.laravel.com/docs/validation.html]
[livewire.laravel.com/docs/uploads.html]
[livewire.laravel.com/docs/pagination.html]
[livewire.laravel.com/docs/url.html]
[livewire.laravel.com/docs/computed-properties.html]
[livewire.laravel.com/docs/session-properties.html]
[livewire.laravel.com/docs/redirecting.html]
[livewire.laravel.com/docs/downloads.html]
[livewire.laravel.com/docs/locked.html]
[livewire.laravel.com/docs/bundling.html]
[livewire.laravel.com/docs/offline.html]
[livewire.laravel.com/docs/teleport.html]
[livewire.laravel.com/docs/wire-click.html]
[livewire.laravel.com/docs/wire-submit.html]
[livewire.laravel.com/docs/wire-model.html]
[livewire.laravel.com/docs/wire-loading.html]
[livewire.laravel.com/docs/wire-navigate.html]
[livewire.laravel.com/docs/wire-dirty.html]
[livewire.laravel.com/docs/wire-confirm.html]
[livewire.laravel.com/docs/wire-transition.html]
[livewire.laravel.com/docs/wire-init.html]
[livewire.laravel.com/docs/wire-poll.html]
[livewire.laravel.com/docs/wire-offline.html]
[livewire.laravel.com/docs/wire-ignore.html]
[livewire.laravel.com/docs/wire-replace.html]
[livewire.laravel.com/docs/wire-stream.html]
[livewire.laravel.com/docs/morphing.html]
[livewire.laravel.com/docs/hydration.html]
[livewire.laravel.com/docs/understanding-nesting.html]
[livewire.laravel.com/docs/troubleshooting.html]
[livewire.laravel.com/docs/security.html]
[livewire.laravel.com/docs/javascript.html]
[livewire.laravel.com/docs/synthesizers.html]
[livewire.laravel.com/docs/contribution-guide.html]
[player.vimeo.com/api/player.js]
[livewire.laravel.com/docs/volt.html]
